// Jest Snapshot v1, https://goo.gl/fbAQLP

exports[`CheckoutStepOne component tests check against jest snapshot test 1`] = `
<base-card-stub>
  <div
    class="row align-items-center"
  >
    <div
      class="col-auto"
    >
      <i
        class="fal fa-user-circle text-primary fa-2x"
      />
    </div>
     
    <div
      class="col pl-0"
    >
      <h5
        class="mb-0 font-weight-normal"
      >
        Your Details
      </h5>
    </div>
  </div>
  <div
    class="p-4"
    role="form"
  >
    <div
      class="form-group"
    >
      <label>
        Name
      </label>
       
      <input
        autocomplete="given-name"
        autofocus="autofocus"
        class="form-control"
        inputmode="text"
        placeholder="John Smith"
        type="text"
      />
    </div>
     
    <div
      class="form-group"
    >
      <label>
        Email
      </label>
       
      <div
        class="input-group"
      >
        <div
          class="input-group-prepend"
        >
          <span
            class="input-group-text"
            id="email-addon"
          >
            <i
              class="fal fa-envelope text-primary"
            />
          </span>
        </div>
         
        <input
          autocomplete="email"
          class="form-control"
          inputmode="email"
          placeholder="johnsmith@email.com"
          type="email"
        />
      </div>
    </div>
  </div>
  <div
    class="row align-items-center"
  >
    <div
      class="col-md-6 col-lg-6 text-md-right"
    >
      <button
        class="btn btn-primary btn-block"
        type="submit"
      >
        
                    Continue
                
      </button>
    </div>
  </div>
</base-card-stub>
`;
